../Core/Src/main.c:77:5:main	160	static
../Core/Src/main.c:128:17:Read_ADC3_WaterSensor	16	static
../Core/Src/main.c:137:17:Read_ADC2_WaterSensor	16	static
../Core/Src/main.c:149:6:SystemClock_Config	160	static
../Core/Src/main.c:200:13:MX_ADC2_Init	32	static
../Core/Src/main.c:257:13:MX_ADC3_Init	48	static
../Core/Src/main.c:323:13:MX_USART1_UART_Init	8	static
../Core/Src/main.c:358:13:MX_USART2_UART_Init	8	static
../Core/Src/main.c:393:13:MX_GPIO_Init	48	static
../Core/Src/main.c:435:6:Error_Handler	4	static,ignoring_inline_asm
